version https://git-lfs.github.com/spec/v1
oid sha256:383ed0cf810d04bd50923ae2a0fb3bafc4de48cfb0c2dea1900150133447c358
size 1237
