version https://git-lfs.github.com/spec/v1
oid sha256:a0afe9a07a32c181c9a2ee96b7ec4eb5d3e481911a31dbe5a66d31828b31df8a
size 1244
