version https://git-lfs.github.com/spec/v1
oid sha256:08c62aef9f8b4064bca1eae3ad8b10c2c3d7543e9a8147d6a51a6c584fc65d59
size 563
