version https://git-lfs.github.com/spec/v1
oid sha256:f51d4b368551c364b97bb8efad708cc665445550e6cc6e559bbac4149366f921
size 568
