version https://git-lfs.github.com/spec/v1
oid sha256:9a680e9d901cff3cdcf721bd836f4c5f30b4bbe1dada5857b60cf52b243d6626
size 1236
